[debug] [2025-11-17T01:57:00.500Z] ----------------------------------------------------------------------
[debug] [2025-11-17T01:57:00.504Z] Command:       /Users/matiasespina/.nvm/versions/node/v22.9.0/bin/node /Users/matiasespina/.nvm/versions/node/v22.9.0/bin/firebase deploy --only functions
[debug] [2025-11-17T01:57:00.504Z] CLI Version:   14.25.0
[debug] [2025-11-17T01:57:00.504Z] Platform:      darwin
[debug] [2025-11-17T01:57:00.504Z] Node Version:  v22.9.0
[debug] [2025-11-17T01:57:00.504Z] Time:          Mon Nov 17 2025 02:57:00 GMT+0100 (Central European Standard Time)
[debug] [2025-11-17T01:57:00.504Z] ----------------------------------------------------------------------
[debug] 
[debug] [2025-11-17T01:57:00.606Z] > command requires scopes: ["email","openid","https://www.googleapis.com/auth/cloudplatformprojects.readonly","https://www.googleapis.com/auth/firebase","https://www.googleapis.com/auth/cloud-platform"]
[debug] [2025-11-17T01:57:00.606Z] > authorizing via signed-in user (matiasespina1991@gmail.com)
[debug] [2025-11-17T01:57:00.606Z] [iam] checking project laura-butallo-web for permissions ["cloudfunctions.functions.create","cloudfunctions.functions.delete","cloudfunctions.functions.get","cloudfunctions.functions.list","cloudfunctions.functions.update","cloudfunctions.operations.get","firebase.projects.get"]
[debug] [2025-11-17T01:57:00.607Z] Checked if tokens are valid: false, expires at: 1763345488902
[debug] [2025-11-17T01:57:00.607Z] Checked if tokens are valid: false, expires at: 1763345488902
[debug] [2025-11-17T01:57:00.607Z] > refreshing access token with scopes: []
[debug] [2025-11-17T01:57:00.608Z] >>> [apiv2][query] POST https://www.googleapis.com/oauth2/v3/token [none]
[debug] [2025-11-17T01:57:00.608Z] >>> [apiv2][body] POST https://www.googleapis.com/oauth2/v3/token [omitted]
[debug] [2025-11-17T01:57:00.768Z] <<< [apiv2][status] POST https://www.googleapis.com/oauth2/v3/token 200
[debug] [2025-11-17T01:57:00.768Z] <<< [apiv2][body] POST https://www.googleapis.com/oauth2/v3/token [omitted]
[debug] [2025-11-17T01:57:00.781Z] >>> [apiv2][query] POST https://cloudresourcemanager.googleapis.com/v1/projects/laura-butallo-web:testIamPermissions [none]
[debug] [2025-11-17T01:57:00.781Z] >>> [apiv2][(partial)header] POST https://cloudresourcemanager.googleapis.com/v1/projects/laura-butallo-web:testIamPermissions x-goog-quota-user=projects/laura-butallo-web
[debug] [2025-11-17T01:57:00.781Z] >>> [apiv2][body] POST https://cloudresourcemanager.googleapis.com/v1/projects/laura-butallo-web:testIamPermissions {"permissions":["cloudfunctions.functions.create","cloudfunctions.functions.delete","cloudfunctions.functions.get","cloudfunctions.functions.list","cloudfunctions.functions.update","cloudfunctions.operations.get","firebase.projects.get"]}
[debug] [2025-11-17T01:57:01.510Z] <<< [apiv2][status] POST https://cloudresourcemanager.googleapis.com/v1/projects/laura-butallo-web:testIamPermissions 200
[debug] [2025-11-17T01:57:01.511Z] <<< [apiv2][body] POST https://cloudresourcemanager.googleapis.com/v1/projects/laura-butallo-web:testIamPermissions {"permissions":["cloudfunctions.functions.create","cloudfunctions.functions.delete","cloudfunctions.functions.get","cloudfunctions.functions.list","cloudfunctions.functions.update","cloudfunctions.operations.get","firebase.projects.get"]}
[debug] [2025-11-17T01:57:01.511Z] Checked if tokens are valid: true, expires at: 1763348219769
[debug] [2025-11-17T01:57:01.511Z] Checked if tokens are valid: true, expires at: 1763348219769
[debug] [2025-11-17T01:57:01.512Z] >>> [apiv2][query] POST https://iam.googleapis.com/v1/projects/laura-butallo-web/serviceAccounts/laura-butallo-web@appspot.gserviceaccount.com:testIamPermissions [none]
[debug] [2025-11-17T01:57:01.512Z] >>> [apiv2][body] POST https://iam.googleapis.com/v1/projects/laura-butallo-web/serviceAccounts/laura-butallo-web@appspot.gserviceaccount.com:testIamPermissions {"permissions":["iam.serviceAccounts.actAs"]}
[debug] [2025-11-17T01:57:01.874Z] <<< [apiv2][status] POST https://iam.googleapis.com/v1/projects/laura-butallo-web/serviceAccounts/laura-butallo-web@appspot.gserviceaccount.com:testIamPermissions 200
[debug] [2025-11-17T01:57:01.874Z] <<< [apiv2][body] POST https://iam.googleapis.com/v1/projects/laura-butallo-web/serviceAccounts/laura-butallo-web@appspot.gserviceaccount.com:testIamPermissions {"permissions":["iam.serviceAccounts.actAs"]}
[info] 
[info] === Deploying to 'laura-butallo-web'...
[info] 
[info] i  deploying functions 
[debug] [2025-11-17T01:57:01.879Z] Checked if tokens are valid: true, expires at: 1763348219769
[debug] [2025-11-17T01:57:01.879Z] Checked if tokens are valid: true, expires at: 1763348219769
[debug] [2025-11-17T01:57:01.879Z] >>> [apiv2][query] GET https://cloudresourcemanager.googleapis.com/v1/projects/laura-butallo-web [none]
[debug] [2025-11-17T01:57:02.076Z] <<< [apiv2][status] GET https://cloudresourcemanager.googleapis.com/v1/projects/laura-butallo-web 200
[debug] [2025-11-17T01:57:02.076Z] <<< [apiv2][body] GET https://cloudresourcemanager.googleapis.com/v1/projects/laura-butallo-web {"projectNumber":"388226025861","projectId":"laura-butallo-web","lifecycleState":"ACTIVE","name":"Laura Butallo Web","labels":{"firebase":"enabled","firebase-core":"disabled"},"createTime":"2025-09-18T00:46:15.783906Z"}
[info] i  functions: preparing codebase default for deployment 
[info] i  functions: ensuring required API cloudfunctions.googleapis.com is enabled... 
[info] i  functions: ensuring required API cloudbuild.googleapis.com is enabled... 
[info] i  artifactregistry: ensuring required API artifactregistry.googleapis.com is enabled... 
[debug] [2025-11-17T01:57:02.077Z] Checked if tokens are valid: true, expires at: 1763348219769
[debug] [2025-11-17T01:57:02.077Z] Checked if tokens are valid: true, expires at: 1763348219769
[debug] [2025-11-17T01:57:02.077Z] >>> [apiv2][query] GET https://firebase.googleapis.com/v1beta1/projects/laura-butallo-web/adminSdkConfig [none]
[debug] [2025-11-17T01:57:02.515Z] <<< [apiv2][status] GET https://firebase.googleapis.com/v1beta1/projects/laura-butallo-web/adminSdkConfig 200
[debug] [2025-11-17T01:57:02.515Z] <<< [apiv2][body] GET https://firebase.googleapis.com/v1beta1/projects/laura-butallo-web/adminSdkConfig {"projectId":"laura-butallo-web","storageBucket":"laura-butallo-web.firebasestorage.app"}
[debug] [2025-11-17T01:57:02.516Z] Checked if tokens are valid: true, expires at: 1763348219769
[debug] [2025-11-17T01:57:02.516Z] Checked if tokens are valid: true, expires at: 1763348219769
[debug] [2025-11-17T01:57:02.517Z] >>> [apiv2][query] GET https://runtimeconfig.googleapis.com/v1beta1/projects/laura-butallo-web/configs [none]
[debug] [2025-11-17T01:57:02.873Z] <<< [apiv2][status] GET https://runtimeconfig.googleapis.com/v1beta1/projects/laura-butallo-web/configs 200
[debug] [2025-11-17T01:57:02.874Z] <<< [apiv2][body] GET https://runtimeconfig.googleapis.com/v1beta1/projects/laura-butallo-web/configs {}
[debug] [2025-11-17T01:57:02.875Z] Validating nodejs source
[warn] ⚠  functions: package.json indicates an outdated version of firebase-functions. Please upgrade using npm install --save firebase-functions@latest in your functions directory. 
[warn] ⚠  functions: Please note that there will be breaking changes when you upgrade. 
[debug] [2025-11-17T01:57:03.379Z] > [functions] package.json contents: {
  "name": "functions",
  "version": "1.0.0",
  "private": true,
  "main": "lib/index.js",
  "engines": {
    "node": "22"
  },
  "scripts": {
    "lint": "eslint --ext .js,.ts .",
    "build": "tsc",
    "build:watch": "tsc --watch",
    "serve": "npm run build && firebase emulators:start --only functions",
    "shell": "npm run build && firebase functions:shell",
    "start": "npm run shell",
    "deploy": "firebase deploy --only functions",
    "logs": "firebase functions:log"
  },
  "dependencies": {
    "@ffmpeg-installer/ffmpeg": "^1.1.0",
    "@ffprobe-installer/ffprobe": "^1.1.0",
    "blurhash": "^1.1.4",
    "firebase-admin": "^12.6.0",
    "firebase-functions": "^6.0.1",
    "fluent-ffmpeg": "^2.1.2",
    "sharp": "^0.32.0",
    "uuid": "^9.0.0"
  },
  "devDependencies": {
    "@types/fluent-ffmpeg": "^2.1.28",
    "@types/uuid": "^10.0.0",
    "@typescript-eslint/eslint-plugin": "^5.12.0",
    "@typescript-eslint/parser": "^5.12.0",
    "eslint": "^8.9.0",
    "eslint-config-google": "^0.14.0",
    "eslint-plugin-import": "^2.25.4",
    "firebase-functions-test": "^3.1.0",
    "typescript": "^5.7.3"
  }
}
[debug] [2025-11-17T01:57:03.379Z] Building nodejs source
[info] i  functions: Loading and analyzing source code for codebase default to determine what to deploy 
[debug] [2025-11-17T01:57:03.382Z] Could not find functions.yaml. Must use http discovery
[debug] [2025-11-17T01:57:03.386Z] Found firebase-functions binary at '/Users/matiasespina/Documents/Projekte/laura-butallo-web/functions/node_modules/.bin/firebase-functions'
[info] Serving at port 8583

[error] (node:23978) [DEP0040] DeprecationWarning: The `punycode` module is deprecated. Please use a userland alternative instead.
(Use `node --trace-deprecation ...` to show where the warning was created)

[debug] [2025-11-17T01:57:03.909Z] Got response from /__/functions.yaml {"endpoints":{"onImageFinalize":{"platform":"gcfv2","availableMemoryMb":null,"timeoutSeconds":null,"minInstances":null,"maxInstances":10,"ingressSettings":null,"concurrency":null,"serviceAccountEmail":null,"vpc":null,"region":["europe-west3"],"labels":{},"eventTrigger":{"eventType":"google.cloud.storage.object.v1.finalized","eventFilters":{"bucket":"laura-butallo-web.firebasestorage.app"},"retry":false},"entryPoint":"onImageFinalize"},"onVideoFinalize":{"platform":"gcfv2","availableMemoryMb":null,"timeoutSeconds":null,"minInstances":null,"maxInstances":10,"ingressSettings":null,"concurrency":null,"serviceAccountEmail":null,"vpc":null,"region":["europe-west3"],"labels":{},"eventTrigger":{"eventType":"google.cloud.storage.object.v1.finalized","eventFilters":{"bucket":"laura-butallo-web.firebasestorage.app"},"retry":false},"entryPoint":"onVideoFinalize"},"generateDownloadUrl":{"availableMemoryMb":null,"timeoutSeconds":null,"minInstances":null,"maxInstances":10,"ingressSettings":null,"concurrency":null,"serviceAccountEmail":null,"vpc":null,"platform":"gcfv2","labels":{},"callableTrigger":{},"entryPoint":"generateDownloadUrl"},"regenerateDownloadUrl":{"availableMemoryMb":null,"timeoutSeconds":null,"minInstances":null,"maxInstances":10,"ingressSettings":null,"concurrency":null,"serviceAccountEmail":null,"vpc":null,"platform":"gcfv2","labels":{},"callableTrigger":{},"entryPoint":"regenerateDownloadUrl"},"validateDelete":{"availableMemoryMb":null,"timeoutSeconds":null,"minInstances":null,"maxInstances":10,"ingressSettings":null,"concurrency":null,"serviceAccountEmail":null,"vpc":null,"platform":"gcfv2","labels":{},"callableTrigger":{},"entryPoint":"validateDelete"},"migrateArtworksToAssets":{"availableMemoryMb":null,"timeoutSeconds":null,"minInstances":null,"maxInstances":10,"ingressSettings":null,"concurrency":null,"serviceAccountEmail":null,"vpc":null,"platform":"gcfv2","labels":{},"callableTrigger":{},"entryPoint":"migrateArtworksToAssets"}},"specVersion":"v1alpha1","requiredAPIs":[],"extensions":{}}
